---
source: src/log/hint.rs
expression: iter_h
---
- timestamp: 1717699061549
  key_size: 5
  value_size: 123456
  value_offset: 654321
  key:
    - 107
    - 101
    - 121
    - 49
- timestamp: 1717699061549
  key_size: 5
  value_size: 123456
  value_offset: 654321
  key:
    - 107
    - 101
    - 121
    - 50
- timestamp: 1717699061549
  key_size: 5
  value_size: 123456
  value_offset: 654321
  key:
    - 107
    - 101
    - 121
    - 51
